Capturing execution frames: alpha_wrap.json
  [Console-error] Failed to load resource: the server responded with a status of 404 (Not Found)
  [Console-error] Failed to load resource: the server responded with a status of 404 (Not Found)
  [Console-error] Failed to load resource: the server responded with a status of 404 (Not Found)
  [Console-error] Failed to load resource: the server responded with a status of 404 (Not Found)
  [Console-error] Failed to load resource: the server responded with a status of 404 (Not Found)
  [Console-error] Failed to load resource: the server responded with a status of 404 (Not Found)
  [Console-warning] WARNING: Multiple instances of Three.js being imported.
  [Console-warning] [ComfyUI Deprecated] Importing from "scripts/ui.js" is deprecated and will be removed in v1.34.
  [Console-warning] [MaskEditor] ComfyApp.open_maskeditor is deprecated. Plugins should migrate to using the command system or direct node context menu integration.
  [Console-warning] [ComfyUI Deprecated] Importing from "scripts/ui/components/buttonGroup.js" is deprecated and will be removed in v1.34.
  [Console-warning] [ComfyUI Deprecated] Importing from "scripts/ui/components/button.js" is deprecated and will be removed in v1.34.
  Frame 1 saved (frame_000.jpg, t=0.0s)
  Validating workflow...
  Queuing workflow for execution...
  Frame 2 saved (frame_001.jpg, t=2.2s)
  [capture-periodic] freeze=4ms shot=85ms unfreeze=3ms saved=True
  Frame 3 saved (frame_002.jpg, t=4.3s)
  [capture-periodic] freeze=3ms shot=266ms unfreeze=3ms saved=True
  [capture-loop] iter=50 t=6.2s state={'complete': False, 'error': None, 'executedCount': 0, 'wsState': 1} eval_ms=5
  Frame 4 saved (frame_003.jpg, t=6.7s)
  [capture-periodic] freeze=2ms shot=87ms unfreeze=3ms saved=True
  Node executed (1 total), capturing...
  [Console-error] No input!
  [Console-error] No input!
  [Console-warning] [.WebGL-0x11c0019f600]GL Driver Message (OpenGL, Performance, GL_CLOSE_PATH_NV, High): GPU stall due to ReadPixels
  [Console-warning] [.WebGL-0x11c0019f600]GL Driver Message (OpenGL, Performance, GL_CLOSE_PATH_NV, High): GPU stall due to ReadPixels
  [Console-warning] [.WebGL-0x11c0019f600]GL Driver Message (OpenGL, Performance, GL_CLOSE_PATH_NV, High): GPU stall due to ReadPixels
  [Console-warning] [.WebGL-0x11c0019f600]GL Driver Message (OpenGL, Performance, GL_CLOSE_PATH_NV, High): GPU stall due to ReadPixels (this message will no longer repeat)
  [Console-error] No input!
  [Console-error] No input!
  [Console-error] No input!
  [Console-error] No input!
  [Console-error] No input!
  [Console-error] No input!
  [Console-error] No input!
  [Console-error] No input!
  [Console-error] No input!
  [Console-error] No input!
  [Console-error] No input!
  [Console-error] No input!
  Frame 5 saved (frame_004.jpg, t=8.7s)
  [capture-node] freeze=410ms shot=1417ms unfreeze=830ms saved=True
  Node executed (4 total), capturing...
  Frame 6 saved (frame_005.jpg, t=12.6s)
  [capture-node] freeze=2ms shot=98ms unfreeze=0ms saved=True
  Execution complete (t=12.6s)
  Captured 6 unique frames over 12.71s
  [debug] iframes: 2
  [debug]   iframe[0]: src=http://127.0.0.1:8188/extensions/ComfyUI-GeometryPack/viewer_dual.html?v=1771923, canvas=894x1248, rafFrozen=True
  [debug]   iframe[1]: src=http://127.0.0.1:8188/extensions/ComfyUI-GeometryPack/viewer_multi.html?v=177192, canvas=592x1116, rafFrozen=True
  [timing] trigger_3d_previews: 0.0s
  Saved high-quality screenshot: alpha_wrap_executed.png
  [timing] final_screenshot: 0.8s
    Captured 7 video frames