[Console-error] Failed to load resource: the server responded with a status of 404 (Not Found)
[Console-error] Failed to load resource: the server responded with a status of 404 (Not Found)
[Console-error] Failed to load resource: the server responded with a status of 404 (Not Found)
[Console-error] Failed to load resource: the server responded with a status of 404 (Not Found)
[Console-error] Failed to load resource: the server responded with a status of 404 (Not Found)
[Console-error] Failed to load resource: the server responded with a status of 404 (Not Found)
[Console-warning] WARNING: Multiple instances of Three.js being imported.
[Console-log] [VTK Bundle] GLTFImporter included in bundle
[Console-log] [GeomPack] Loading mesh preview extension...
[Console-log] [GeomPack] Mesh preview extension registered
[Console-log] [FBX Preview] Auto-registering for all known FBX preview node types...
[Console-log] [UniRig] Loading FBX mesh preview extension...
[Console-log] [UniRig] Detected extension folder: ComfyUI-GeometryPack
[Console-log] [UniRig] FBX mesh preview extension registered
[Console-log] [SAM3DBody] Loading FBX mesh preview extension...
[Console-log] [SAM3DBody] Detected extension folder: ComfyUI-GeometryPack
[Console-log] [SAM3DBody] FBX mesh preview extension registered
[Console-log] [MotionCapture] Loading FBX mesh preview extension...
[Console-log] [MotionCapture] Detected extension folder: ComfyUI-GeometryPack
[Console-log] [MotionCapture] FBX mesh preview extension registered
[Console-log] [MotionCapture] Loading FBX mesh preview extension...
[Console-log] [MotionCapture] Detected extension folder: ComfyUI-GeometryPack
[Console-log] [MotionCapture] FBX mesh preview extension registered
[Console-log] [UniRig Compare] Loading compare skeleton widget...
[Console-log] [UniRig Compare] Detected extension folder: ComfyUI-GeometryPack
[Console-log] [UniRig Compare] Compare skeleton widget registered
[Console-log] [GeomPack] Loading UV mesh preview extension...
[Console-log] [GeomPack] UV mesh preview extension registered
[Console-log] [GeomPack Multi JS] Loading mesh_preview_multi.js extension
[Console-log] [DynamicWidgets] Loading extension...
[Console-log] [DynamicWidgets] Extension registered
[Console-log] [CompareSMPLBVH] Loading Compare SMPL BVH extension
[Console-log] [CompareSMPLBVH] Loading Compare SMPL BVH extension...
[Console-log] [CompareSMPLBVH] Extension registered: comfy3d.comparesmplbvh
[Console-log] [GeomPack Gaussian] Loading extension...
[Console-log] [GeomPack] Loading VTK.js textured mesh preview extension...
[Console-log] [GeomPack] VTK.js textured mesh preview extension registered
[Console-log] [UniRig Debug] Loading FBX mesh preview extension...
[Console-log] [UniRig Debug] Detected extension folder: ComfyUI-GeometryPack
[Console-log] [UniRig Debug] FBX mesh preview extension registered
[Console-log] [FBXAnimationViewer] Loading FBX Animation Viewer extension
[Console-log] [FBXAnimationViewer] Loading FBX Animation Viewer extension...
[Console-log] [FBXAnimationViewer] Extension registered: comfy3d.fbxanimationviewer
[Console-log] [BVHViewer] Loading BVH Viewer extension
[Console-log] [BVHViewer] Loading BVH viewer extension...
[Console-log] [BVHViewer] Extension registered: comfy3d.bvhviewer
[Console-warning] [ComfyUI Deprecated] Importing from "scripts/ui.js" is deprecated and will be removed in v1.34.
[Console-warning] [MaskEditor] ComfyApp.open_maskeditor is deprecated. Plugins should migrate to using the command system or direct node context menu integration.
[Console-log] [DynamicWidgets] Loaded mappings for 6 nodes
[Console-log] [GeomPack] Registering Preview Mesh node
[Console-log] [GeomPack] Registering Preview Mesh UV node
[Console-log] [GeomPack Gaussian] Registering Preview Gaussian node
[Console-warning] [ComfyUI Deprecated] Importing from "scripts/ui/components/buttonGroup.js" is deprecated and will be removed in v1.34.
[Console-warning] [ComfyUI Deprecated] Importing from "scripts/ui/components/button.js" is deprecated and will be removed in v1.34.
[Console-log] [GeomPack Multi JS] Creating PreviewMeshMulti node widget
[Console-log] [DynamicWidgets] Setting up node: GeomPackRemesh
[Console-log] [DynamicWidgets] GeomPackRemesh: backend="pymeshlab_isotropic", visible=[target_edge_length, iterations, feature_angle, adaptive]
[Console-log] [DynamicWidgets] Widget "target_edge_length": hidden=false
[Console-log] [DynamicWidgets] Widget "iterations": hidden=false
[Console-log] [DynamicWidgets] Widget "feature_angle": hidden=false
[Console-log] [DynamicWidgets] Widget "adaptive": hidden=false
[Console-log] [DynamicWidgets] Widget "target_vertex_count": hidden=true
[Console-log] [DynamicWidgets] Widget "deterministic": hidden=true
[Console-log] [DynamicWidgets] Widget "crease_angle": hidden=true
[Console-log] [DynamicWidgets] Widget "target_face_count": hidden=true
[Console-log] [DynamicWidgets] Widget "preserve_sharp": hidden=true
[Console-log] [DynamicWidgets] Widget "preserve_boundary": hidden=true
[Console-log] [VTK Bundle] GLTFImporter included in bundle
[Console-log] [VTK Bundle] GLTFImporter included in bundle
[Console-log] [GeomPack VTK Dual Viewer] Initializing...
[Console-log] [GeomPack VTK Dual Viewer] Ready
[Console-log] [GeomPack VTK Multi Viewer] Initializing...
[Console-log] [GeomPack VTK Multi Viewer] Ready
[Console-log] [GeomPack Multi] Iframe loaded
[Console-log] [DynamicWidgets] Setting up node: GeomPackRemesh
[Console-log] [DynamicWidgets] GeomPackRemesh: backend="pymeshlab_isotropic", visible=[target_edge_length, iterations, feature_angle, adaptive]
[Console-log] [DynamicWidgets] Widget "target_edge_length": hidden=false
[Console-log] [DynamicWidgets] Widget "iterations": hidden=false
[Console-log] [DynamicWidgets] Widget "feature_angle": hidden=false
[Console-log] [DynamicWidgets] Widget "adaptive": hidden=false
[Console-log] [DynamicWidgets] Widget "target_vertex_count": hidden=true
[Console-log] [DynamicWidgets] Widget "deterministic": hidden=true
[Console-log] [DynamicWidgets] Widget "crease_angle": hidden=true
[Console-log] [DynamicWidgets] Widget "target_face_count": hidden=true
[Console-log] [DynamicWidgets] Widget "preserve_sharp": hidden=true
[Console-log] [DynamicWidgets] Widget "preserve_boundary": hidden=true
[Console-log] [VTK Bundle] GLTFImporter included in bundle
[Console-log] [GeomPack VTK Viewer] Initializing unified viewer...
[Console-warning] Canvas2D: Multiple readback operations using getImageData are faster with the willReadFrequently attribute set to true. See: https://html.spec.whatwg.org/multipage/canvas.html#concept-canvas-will-read-frequently
[Console-log] [GeomPack VTK Viewer] Ready (unified)
[Console-error] No input!
[Console-log] [comfy-test] graphToPrompt: 4 nodes, missing class_type: [], sample: {"inputs":{"folder_path":"3d","start_index":0,"max_meshes":4},"class_type":"GeomPackLoadMeshBatch","_meta":{"title":"Load Mesh Batch"}}
[Console-error] No input!
[Console-log] [GeomPack VTK Viewer] Loading: /view?filename=preview_vtk_batch_474d3230.stl&type=output&subfolder=
[Console-log] [GeomPack VTK Viewer] Mesh loaded: 28548 points