Capturing execution frames: remeshing_CGAL.json
  [Console-error] Failed to load resource: the server responded with a status of 404 (Not Found)
  [Console-error] Failed to load resource: the server responded with a status of 404 (Not Found)
  [Console-error] Failed to load resource: the server responded with a status of 404 (Not Found)
  [Console-error] Failed to load resource: the server responded with a status of 404 (Not Found)
  [Console-error] Failed to load resource: the server responded with a status of 404 (Not Found)
  [Console-error] Failed to load resource: the server responded with a status of 404 (Not Found)
  [Console-warning] WARNING: Multiple instances of Three.js being imported.
  [Console-warning] [ComfyUI Deprecated] Importing from "scripts/ui.js" is deprecated and will be removed in v1.34.
  [Console-warning] [MaskEditor] ComfyApp.open_maskeditor is deprecated. Plugins should migrate to using the command system or direct node context menu integration.
  [Console-warning] [ComfyUI Deprecated] Importing from "scripts/ui/components/buttonGroup.js" is deprecated and will be removed in v1.34.
  [Console-warning] [ComfyUI Deprecated] Importing from "scripts/ui/components/button.js" is deprecated and will be removed in v1.34.
  Frame 1 saved (frame_000.jpg, t=0.0s)
  Validating workflow...
  Queuing workflow for execution...
  Frame 2 saved (frame_001.jpg, t=2.2s)
  [capture-periodic] freeze=3ms shot=99ms unfreeze=3ms saved=True
  Node executed (1 total), capturing...
  Frame 3 saved (frame_002.jpg, t=4.1s)
  [capture-node] freeze=3ms shot=100ms unfreeze=7ms saved=True
  [Console-error] No input!
  [Console-error] No input!
  Node executed (2 total), capturing...
  Frame 4 saved (frame_003.jpg, t=4.6s)
  [capture-node] freeze=40ms shot=1511ms unfreeze=0ms saved=True
  Execution complete (t=4.6s)
  Captured 4 unique frames over 6.22s
  [debug] iframes: 1
  [debug]   iframe[0]: src=http://127.0.0.1:8188/extensions/ComfyUI-GeometryPack/viewer_dual.html?v=1771923, canvas=894x1248, rafFrozen=True
  [timing] trigger_3d_previews: 0.0s
  Saved high-quality screenshot: remeshing_CGAL_executed.png
  [timing] final_screenshot: 0.8s
    Captured 5 video frames