[Console-error] Failed to load resource: the server responded with a status of 404 (Not Found)
[Console-error] Failed to load resource: the server responded with a status of 404 (Not Found)
[Console-error] Failed to load resource: the server responded with a status of 404 (Not Found)
[Console-error] Failed to load resource: the server responded with a status of 404 (Not Found)
[Console-error] Failed to load resource: the server responded with a status of 404 (Not Found)
[Console-error] Failed to load resource: the server responded with a status of 404 (Not Found)
[Console-log] [DynamicWidgets] Loading extension...
[Console-log] [DynamicWidgets] Extension registered
[Console-log] [GeomPack Multi JS] Loading mesh_preview_multi.js extension
[Console-log] [BVHViewer] Loading BVH Viewer extension
[Console-log] [BVHViewer] Loading BVH viewer extension...
[Console-log] [BVHViewer] Extension registered: comfy3d.bvhviewer
[Console-log] [GeomPack Gaussian] Loading extension...
[Console-log] [GeomPack] Loading mesh preview extension...
[Console-log] [GeomPack] Mesh preview extension registered
[Console-log] [FBX Preview] Auto-registering for all known FBX preview node types...
[Console-log] [UniRig] Loading FBX mesh preview extension...
[Console-log] [UniRig] Detected extension folder: ComfyUI-GeometryPack
[Console-log] [UniRig] FBX mesh preview extension registered
[Console-log] [SAM3DBody] Loading FBX mesh preview extension...
[Console-log] [SAM3DBody] Detected extension folder: ComfyUI-GeometryPack
[Console-log] [SAM3DBody] FBX mesh preview extension registered
[Console-log] [MotionCapture] Loading FBX mesh preview extension...
[Console-log] [MotionCapture] Detected extension folder: ComfyUI-GeometryPack
[Console-log] [MotionCapture] FBX mesh preview extension registered
[Console-log] [MotionCapture] Loading FBX mesh preview extension...
[Console-log] [MotionCapture] Detected extension folder: ComfyUI-GeometryPack
[Console-log] [MotionCapture] FBX mesh preview extension registered
[Console-log] [UniRig Compare] Loading compare skeleton widget...
[Console-log] [UniRig Compare] Detected extension folder: ComfyUI-GeometryPack
[Console-log] [UniRig Compare] Compare skeleton widget registered
[Console-log] [FBXAnimationViewer] Loading FBX Animation Viewer extension
[Console-log] [FBXAnimationViewer] Loading FBX Animation Viewer extension...
[Console-log] [FBXAnimationViewer] Extension registered: comfy3d.fbxanimationviewer
[Console-log] [UniRig Debug] Loading FBX mesh preview extension...
[Console-log] [UniRig Debug] Detected extension folder: ComfyUI-GeometryPack
[Console-log] [UniRig Debug] FBX mesh preview extension registered
[Console-log] [GeomPack] Loading UV mesh preview extension...
[Console-log] [GeomPack] UV mesh preview extension registered
[Console-log] [CompareSMPLBVH] Loading Compare SMPL BVH extension
[Console-log] [CompareSMPLBVH] Loading Compare SMPL BVH extension...
[Console-log] [CompareSMPLBVH] Extension registered: comfy3d.comparesmplbvh
[Console-log] [GeomPack] Loading VTK.js textured mesh preview extension...
[Console-log] [GeomPack] VTK.js textured mesh preview extension registered
[Console-warning] [ComfyUI Deprecated] Importing from "scripts/ui.js" is deprecated and will be removed in v1.34.
[Console-warning] WARNING: Multiple instances of Three.js being imported.
[Console-log] [VTK Bundle] GLTFImporter included in bundle
[Console-warning] [MaskEditor] ComfyApp.open_maskeditor is deprecated. Plugins should migrate to using the command system or direct node context menu integration.
[Console-log] [DynamicWidgets] Loaded mappings for 6 nodes
[Console-log] [GeomPack] Registering Preview Mesh node
[Console-log] [GeomPack] Registering Preview Mesh UV node
[Console-log] [GeomPack Gaussian] Registering Preview Gaussian node
[Console-warning] [ComfyUI Deprecated] Importing from "scripts/ui/components/buttonGroup.js" is deprecated and will be removed in v1.34.
[Console-warning] [ComfyUI Deprecated] Importing from "scripts/ui/components/button.js" is deprecated and will be removed in v1.34.
[Console-log] [DynamicWidgets] Setting up node: GeomPackUVUnwrap
[Console-log] [GeomPack UV] Node created, adding widget
[Console-log] [DynamicWidgets] GeomPackUVUnwrap: method="xatlas", visible=[]
[Console-log] [DynamicWidgets] Widget "chart_cone_angle": hidden=true
[Console-log] [DynamicWidgets] Widget "chart_refine_iterations": hidden=true
[Console-log] [DynamicWidgets] Widget "chart_global_iterations": hidden=true
[Console-log] [DynamicWidgets] Widget "chart_smooth_strength": hidden=true
[Console-log] [DynamicWidgets] Widget "iterations": hidden=true
[Console-log] [DynamicWidgets] Widget "angle_limit": hidden=true
[Console-log] [DynamicWidgets] Widget "island_margin": hidden=true
[Console-log] [DynamicWidgets] Widget "scale_to_bounds": hidden=true
[Console-log] [DynamicWidgets] Widget "cube_size": hidden=true
[Console-log] [DynamicWidgets] Widget "cylinder_radius": hidden=true
[Console-log] [GeomPack UV Viewer] Initializing...
[Console-log] [GeomPack UV Viewer] Ready
[Console-log] [VTK Bundle] GLTFImporter included in bundle
[Console-log] [GeomPack VTK Viewer] Initializing unified viewer...
[Console-warning] Canvas2D: Multiple readback operations using getImageData are faster with the willReadFrequently attribute set to true. See: https://html.spec.whatwg.org/multipage/canvas.html#concept-canvas-will-read-frequently
[Console-log] [GeomPack VTK Viewer] Ready (unified)
[Console-error] No input!
[Console-log] [comfy-test] graphToPrompt: 2 nodes, missing class_type: [], sample: {"inputs":{"file_path":"3d/mount_textured.glb"},"class_type":"GeomPackLoadMesh","_meta":{"title":"Load Mesh"}}
[Console-error] No input!
[Console-log] [VTK Bundle] GLTFImporter included in bundle
[Console-warning] Canvas2D: Multiple readback operations using getImageData are faster with the willReadFrequently attribute set to true. See: https://html.spec.whatwg.org/multipage/canvas.html#concept-canvas-will-read-frequently
[Console-log] [LoaderFactory] Loading GLB file: /view?filename=preview_vtk_f6dc50bb.glb&type=output&subfolder=
[Console-log] [GLTFLoader] Configuring mapper - hasVertexColors: false hasTexture: true