Capturing execution frames: fill_holes.json
  [Console-error] Failed to load resource: the server responded with a status of 404 (Not Found)
  [Console-error] Failed to load resource: the server responded with a status of 404 (Not Found)
  [Console-error] Failed to load resource: the server responded with a status of 404 (Not Found)
  [Console-error] Failed to load resource: the server responded with a status of 404 (Not Found)
  [Console-error] Failed to load resource: the server responded with a status of 404 (Not Found)
  [Console-error] Failed to load resource: the server responded with a status of 404 (Not Found)
  [Console-warning] [ComfyUI Deprecated] Importing from "scripts/ui.js" is deprecated and will be removed in v1.34.
  [Console-warning] WARNING: Multiple instances of Three.js being imported.
  [Console-warning] [MaskEditor] ComfyApp.open_maskeditor is deprecated. Plugins should migrate to using the command system or direct node context menu integration.
  [Console-warning] [ComfyUI Deprecated] Importing from "scripts/ui/components/buttonGroup.js" is deprecated and will be removed in v1.34.
  [Console-warning] [ComfyUI Deprecated] Importing from "scripts/ui/components/button.js" is deprecated and will be removed in v1.34.
  [Console-warning] Canvas2D: Multiple readback operations using getImageData are faster with the willReadFrequently attribute set to true. See: https://html.spec.whatwg.org/multipage/canvas.html#concept-canvas-will-read-frequently
  [Console-error] No input!
  Frame 1 saved (frame_000.jpg, t=0.0s)
  Validating workflow...
  Queuing workflow for execution...
  Frame 2 saved (frame_001.jpg, t=6.1s)
  [capture-periodic] freeze=16ms shot=227ms unfreeze=25ms saved=True
  Node executed (1 total), capturing...
  Frame 3 saved (frame_002.jpg, t=10.5s)
  [capture-node] freeze=5ms shot=169ms unfreeze=5ms saved=True
  Node executed (2 total), capturing...
  Frame 4 saved (frame_003.jpg, t=11.1s)
  [capture-node] freeze=5ms shot=194ms unfreeze=8ms saved=True
  [Console-error] No input!
  [Console-error] No input!
  Execution complete (t=11.9s)
  Captured 4 unique frames over 13.74s
  [debug] iframes: 1
  [debug]   iframe[0]: src=http://127.0.0.1:8188/extensions/ComfyUI-GeometryPack/viewer_dual.html?v=1771923, canvas=894x1248, rafFrozen=False
  [timing] trigger_3d_previews: 0.0s
  Saved high-quality screenshot: fill_holes_executed.png
  [timing] final_screenshot: 1.2s
    Captured 5 video frames