[Console-error] Failed to load resource: the server responded with a status of 404 (Not Found)
[Console-error] Failed to load resource: the server responded with a status of 404 (Not Found)
[Console-error] Failed to load resource: the server responded with a status of 404 (Not Found)
[Console-error] Failed to load resource: the server responded with a status of 404 (Not Found)
[Console-error] Failed to load resource: the server responded with a status of 404 (Not Found)
[Console-error] Failed to load resource: the server responded with a status of 404 (Not Found)
[Console-warning] WARNING: Multiple instances of Three.js being imported.
[Console-log] [VTK Bundle] GLTFImporter included in bundle
[Console-log] [BVHViewer] Loading BVH Viewer extension
[Console-log] [BVHViewer] Loading BVH viewer extension...
[Console-log] [BVHViewer] Extension registered: comfy3d.bvhviewer
[Console-log] [GeomPack Multi JS] Loading mesh_preview_multi.js extension
[Console-log] [GeomPack] Loading mesh preview extension...
[Console-log] [GeomPack] Mesh preview extension registered
[Console-log] [GeomPack Gaussian] Loading extension...
[Console-log] [FBX Preview] Auto-registering for all known FBX preview node types...
[Console-log] [UniRig] Loading FBX mesh preview extension...
[Console-log] [UniRig] Detected extension folder: ComfyUI-GeometryPack
[Console-log] [UniRig] FBX mesh preview extension registered
[Console-log] [SAM3DBody] Loading FBX mesh preview extension...
[Console-log] [SAM3DBody] Detected extension folder: ComfyUI-GeometryPack
[Console-log] [SAM3DBody] FBX mesh preview extension registered
[Console-log] [MotionCapture] Loading FBX mesh preview extension...
[Console-log] [MotionCapture] Detected extension folder: ComfyUI-GeometryPack
[Console-log] [MotionCapture] FBX mesh preview extension registered
[Console-log] [MotionCapture] Loading FBX mesh preview extension...
[Console-log] [MotionCapture] Detected extension folder: ComfyUI-GeometryPack
[Console-log] [MotionCapture] FBX mesh preview extension registered
[Console-log] [GeomPack] Loading VTK.js textured mesh preview extension...
[Console-log] [GeomPack] VTK.js textured mesh preview extension registered
[Console-log] [FBXAnimationViewer] Loading FBX Animation Viewer extension
[Console-log] [FBXAnimationViewer] Loading FBX Animation Viewer extension...
[Console-log] [FBXAnimationViewer] Extension registered: comfy3d.fbxanimationviewer
[Console-log] [UniRig Compare] Loading compare skeleton widget...
[Console-log] [UniRig Compare] Detected extension folder: ComfyUI-GeometryPack
[Console-log] [UniRig Compare] Compare skeleton widget registered
[Console-log] [UniRig Debug] Loading FBX mesh preview extension...
[Console-log] [UniRig Debug] Detected extension folder: ComfyUI-GeometryPack
[Console-log] [UniRig Debug] FBX mesh preview extension registered
[Console-log] [GeomPack] Loading UV mesh preview extension...
[Console-log] [GeomPack] UV mesh preview extension registered
[Console-log] [CompareSMPLBVH] Loading Compare SMPL BVH extension
[Console-log] [CompareSMPLBVH] Loading Compare SMPL BVH extension...
[Console-log] [CompareSMPLBVH] Extension registered: comfy3d.comparesmplbvh
[Console-log] [DynamicWidgets] Loading extension...
[Console-log] [DynamicWidgets] Extension registered
[Console-warning] [MaskEditor] ComfyApp.open_maskeditor is deprecated. Plugins should migrate to using the command system or direct node context menu integration.
[Console-log] [DynamicWidgets] Loaded mappings for 6 nodes
[Console-log] [GeomPack] Registering Preview Mesh node
[Console-log] [GeomPack] Registering Preview Mesh UV node
[Console-log] [GeomPack Gaussian] Registering Preview Gaussian node
[Console-log] [VTK Bundle] GLTFImporter included in bundle
[Console-log] [GeomPack VTK Dual Viewer] Initializing...
[Console-log] [GeomPack VTK Dual Viewer] Ready
[Console-log] [GeomPack DEBUG] this.widgets before: undefined
[Console-log] [GeomPack DEBUG] nodeData: {input: Object, input_order: Object, is_input_list: false, output: Array(0), output_is_list: Array(0)}
[Console-log] [GeomPack] Node created, adding widget
[Console-log] [GeomPack DEBUG] About to call addDOMWidget
[Console-log] [GeomPack DEBUG] typeof this.addDOMWidget: function
[Console-log] [GeomPack DEBUG] Widget created: DOMWidgetImpl
[Console-log] [GeomPack DEBUG] Widget properties: [linkedWidgets, name, options, label, type, y, last_y, width, disabled, computedDisabled, hidden, advanced, promoted, tooltip, element, id]
[Console-log] [GeomPack DEBUG] Widget.id: 5650b7be-3dc5-4c50-8488-c93b2d0fb907
[Console-log] [GeomPack DEBUG] this.widgets after addDOMWidget: [DOMWidgetImpl]
[Console-log] [GeomPack DEBUG] Widget computeSize set
[Console-log] [GeomPack DEBUG] Iframe dimensions: 100% 100%
[Console-log] [GeomPack DEBUG] Node size set to [512, 512]
[Console-log] [GeomPack DEBUG] computeSize called with width: 210
[Console-log] [GeomPack DEBUG] computeSize returning: [210, 210]
[Console-log] [GeomPack DEBUG] computeSize called with width: undefined
[Console-log] [GeomPack DEBUG] computeSize returning: [512, 512]
[Console-log] [GeomPack DEBUG] computeSize called with width: undefined
[Console-log] [GeomPack DEBUG] computeSize returning: [512, 512]
[Console-log] [GeomPack Viewer] Initializing...
[Console-log] [GeomPack Viewer] Ready
[Console-log] [GeomPack Viewer DEBUG] Waiting for LOAD_MESH postMessage...
[Console-log] [GeomPack DEBUG] computeSize called with width: undefined
[Console-log] [GeomPack DEBUG] computeSize returning: [512, 512]
[Console-log] [GeomPack DEBUG] computeSize called with width: undefined
[Console-log] [GeomPack DEBUG] computeSize returning: [512, 512]
[Console-log] [GeomPack DEBUG] computeSize called with width: undefined
[Console-log] [GeomPack DEBUG] computeSize returning: [512, 512]
[Console-log] [GeomPack DEBUG] computeSize called with width: undefined
[Console-log] [GeomPack DEBUG] computeSize returning: [512, 512]
[Console-log] [GeomPack DEBUG] computeSize called with width: undefined
[Console-log] [GeomPack DEBUG] computeSize returning: [512, 512]
[Console-log] [GeomPack DEBUG] computeSize called with width: undefined
[Console-log] [GeomPack DEBUG] computeSize returning: [512, 512]
[Console-log] [GeomPack DEBUG] computeSize called with width: undefined
[Console-log] [GeomPack DEBUG] computeSize returning: [512, 512]
[Console-log] [GeomPack DEBUG] computeSize called with width: undefined
[Console-log] [GeomPack DEBUG] computeSize returning: [512, 512]
[Console-log] [GeomPack DEBUG] computeSize called with width: undefined
[Console-log] [GeomPack DEBUG] computeSize returning: [512, 512]
[Console-log] [GeomPack DEBUG] computeSize called with width: undefined
[Console-log] [GeomPack DEBUG] computeSize returning: [512, 512]
[Console-log] [GeomPack DEBUG] computeSize called with width: undefined
[Console-log] [GeomPack DEBUG] computeSize returning: [512, 512]
[Console-log] [GeomPack DEBUG] computeSize called with width: undefined
[Console-log] [GeomPack DEBUG] computeSize returning: [512, 512]
[Console-log] [GeomPack] onExecuted called with message: {mesh_file: Array(1), vertex_count: Array(1), face_count: Array(1), bounds_min: Array(1), bounds_max: Array(1)}
[Console-log] [GeomPack] Loading mesh: preview_ec6c38bd.glb
[Console-log] [GeomPack DEBUG] computeSize called with width: undefined
[Console-log] [GeomPack DEBUG] computeSize returning: [512, 512]
[Console-log] [GeomPack DEBUG] computeSize called with width: undefined
[Console-log] [GeomPack DEBUG] computeSize returning: [512, 512]
[Console-log] [GeomPack DEBUG] computeSize called with width: undefined
[Console-log] [GeomPack DEBUG] computeSize returning: [512, 512]
[Console-log] [GeomPack] Sending postMessage to iframe: /view?filename=preview_ec6c38bd.glb&type=output&subfolder=
[Console-log] [GeomPack Viewer DEBUG] Received postMessage: {type: LOAD_MESH, filepath: /view?filename=preview_ec6c38bd.glb&type=output&subfolder=, timestamp: 1770586813780}
[Console-log] [GeomPack Viewer DEBUG] Message type: LOAD_MESH
[Console-log] [GeomPack Viewer DEBUG] Message filepath: /view?filename=preview_ec6c38bd.glb&type=output&subfolder=
[Console-log] [GeomPack Viewer] Received LOAD_MESH message: /view?filename=preview_ec6c38bd.glb&type=output&subfolder=
[Console-log] [GeomPack Viewer] Loading: /view?filename=preview_ec6c38bd.glb&type=output&subfolder=
[Console-log] [GeomPack Viewer DEBUG] Full filepath URL: /view?filename=preview_ec6c38bd.glb&type=output&subfolder=
[Console-log] [GeomPack Viewer] File type detected: GLB/GLTF
[Console-log] [GeomPack Viewer DEBUG] Using loader: GLTFLoader
[Console-log] [GeomPack Viewer DEBUG] About to call loader.load()...
[Console-log] [GeomPack Viewer DEBUG] Loader success callback called
[Console-log] [GeomPack Viewer DEBUG] Result: {scene: Group, scenes: Array(1), animations: Array(0), cameras: Array(0), asset: Object}
[Console-log] [GeomPack Viewer DEBUG] currentMesh: Group
[Console-log] [GeomPack Viewer DEBUG] Mesh bounds: Box3
[Console-log] [GeomPack Viewer DEBUG] Mesh center: Vector3
[Console-log] [GeomPack Viewer DEBUG] Mesh count in scene: 1
[Console-log] [GeomPack Viewer DEBUG] Mesh added to scene
[Console-log] [GeomPack Viewer DEBUG] Camera adjusted to distance: 269.72938537597656
[Console-log] [GeomPack Viewer] Mesh loaded successfully
[Console-log] [GeomPack DEBUG] computeSize called with width: undefined
[Console-log] [GeomPack DEBUG] computeSize returning: [512, 512]
[Console-log] [GeomPack DEBUG] computeSize called with width: undefined
[Console-log] [GeomPack DEBUG] computeSize returning: [512, 512]
[Console-log] [GeomPack DEBUG] computeSize called with width: undefined
[Console-log] [GeomPack DEBUG] computeSize returning: [512, 512]
[Console-log] [GeomPack DEBUG] computeSize called with width: undefined
[Console-log] [GeomPack DEBUG] computeSize returning: [512, 512]