[00:00] Crash dump logging enabled: D:\a\ComfyUI-GeometryPack\ComfyUI-GeometryPack\comfy-test-logs\GeometryPack-2123\windows-cpu\crash_dump.log
[00:00] 
[00:00] [1/3] REGISTRATION
[00:00] ----------------------------------------
[00:00] [DEBUG] server=None, server_url=http://127.0.0.1:8188, api=None
[00:00] 
Connecting to existing server at http://127.0.0.1:8188...
[00:00] Connecting to existing server at http://127.0.0.1:8188...
[00:00] Connected to server! (attempt 1, 0.0s)
[00:00] Checking for import errors in server logs...
[00:00] No import errors detected
[00:00] Found 677 registered nodes
[00:00] [REGISTRATION] PASSED
[00:00] 
[00:00] [2/3] INSTANTIATION
[00:00] ----------------------------------------
[00:00] [DEBUG] server=<comfy_test.comfyui.server.ExternalComfyUIServer object at 0x0000016EC5A68830>, server_url=http://127.0.0.1:8188, api=<comfy_test.comfyui.api.ComfyUIAPI object at 0x0000016EC5A68980>
[00:00] Testing node constructors...
[00:04] All 63 node(s) instantiated successfully!
[00:04] [INSTANTIATION] PASSED
[00:04] 
[00:04] [3/3] EXECUTION
[00:04] ----------------------------------------
[00:04] [DEBUG] server=<comfy_test.comfyui.server.ExternalComfyUIServer object at 0x0000016EC5A68830>, server_url=http://127.0.0.1:8188, api=<comfy_test.comfyui.api.ComfyUIAPI object at 0x0000016EC5A68980>
[00:04] CPU runner - will execute 24 workflow(s)
[00:04] Running 25 workflow(s) (all with videos)...
[00:05] Execution path: browser (Playwright)
[10:21]   [18/25] SKIPPED (not in cpu list) remeshing_gpu.json
[13:59] Results saved to D:\a\ComfyUI-GeometryPack\ComfyUI-GeometryPack\comfy-test-logs\GeometryPack-2123\windows-cpu\results.json
[13:59] Saved: D:\a\ComfyUI-GeometryPack\ComfyUI-GeometryPack\comfy-test-logs\GeometryPack-2123\windows-cpu\index.html
[13:59] [EXECUTION] PASSED
[13:59] 
windows: PASSED
