Capturing execution frames: remeshing_gpu.json
  [Console-error] Failed to load resource: the server responded with a status of 404 (Not Found)
  [Console-error] Failed to load resource: the server responded with a status of 404 (Not Found)
  [Console-error] Failed to load resource: the server responded with a status of 404 (Not Found)
  [Console-error] Failed to load resource: the server responded with a status of 404 (Not Found)
  [Console-error] Failed to load resource: the server responded with a status of 404 (Not Found)
  [Console-error] Failed to load resource: the server responded with a status of 404 (Not Found)
  [Console-warning] WARNING: Multiple instances of Three.js being imported.
  [Console-warning] [MaskEditor] ComfyApp.open_maskeditor is deprecated. Plugins should migrate to using the command system or direct node context menu integration.
  Validating workflow...
  Queuing workflow for execution...
  [Console-error] No input!
  [Console-error] No input!
  [Console-warning] [.WebGL-0x7db40b5c5500]GL Driver Message (OpenGL, Performance, GL_CLOSE_PATH_NV, High): GPU stall due to ReadPixels
  [Console-warning] [.WebGL-0x7db40b5c6300]GL Driver Message (OpenGL, Performance, GL_CLOSE_PATH_NV, High): GPU stall due to ReadPixels
  Captured 4 frames over 61.28s
  4 unique frames saved
  Waiting 5000ms for previews to render...
  [Console-warning] [.WebGL-0x7db40b5c5500]GL Driver Message (OpenGL, Performance, GL_CLOSE_PATH_NV, High): GPU stall due to ReadPixels
  [Console-warning] [.WebGL-0x7db40b5c6300]GL Driver Message (OpenGL, Performance, GL_CLOSE_PATH_NV, High): GPU stall due to ReadPixels (this message will no longer repeat)
  Saved high-quality screenshot: remeshing_gpu_executed.png
    Captured 5 video frames