[00:00] Crash dump logging enabled: /home/administrator/github-runners/PozzettiAndrea-ComfyUI-GeometryPack/_work/ComfyUI-GeometryPack/ComfyUI-GeometryPack/comfy-test-logs/GeometryPack-1549/linux-gpu/crash_dump.log
[00:00] 
[00:00] [1/3] REGISTRATION
[00:00] ----------------------------------------
[00:00] [DEBUG] server=None, server_url=http://127.0.0.1:8188, api=None
[00:00] 
Connecting to existing server at http://127.0.0.1:8188...
[00:00] Connecting to existing server at http://127.0.0.1:8188...
[00:00] Connected to server! (attempt 1, 0.0s)
[00:00] Checking for import errors in server logs...
[00:00] No import errors detected
[00:01] Found 677 registered nodes
[00:01] [REGISTRATION] PASSED
[00:01] 
[00:01] [2/3] INSTANTIATION
[00:01] ----------------------------------------
[00:01] [DEBUG] server=<comfy_test.comfyui.server.ExternalComfyUIServer object at 0x717c4a6e8ec0>, server_url=http://127.0.0.1:8188, api=<comfy_test.comfyui.api.ComfyUIAPI object at 0x717c4a6e9010>
[00:01] Testing node constructors...
[00:14] All 63 node(s) instantiated successfully!
[00:14] [INSTANTIATION] PASSED
[00:15] 
[00:15] [3/3] EXECUTION
[00:15] ----------------------------------------
[00:15] [DEBUG] server=<comfy_test.comfyui.server.ExternalComfyUIServer object at 0x717c4a6e8ec0>, server_url=http://127.0.0.1:8188, api=<comfy_test.comfyui.api.ComfyUIAPI object at 0x717c4a6e9010>
[00:15] GPU runner - will execute 1 workflow(s)
[00:15] Running 25 workflow(s) (all with videos)...
[00:23] Execution path: browser (Playwright)
[00:24]   [1/25] SKIPPED (not in gpu list) alpha_wrap.json
[00:25]   [2/25] SKIPPED (not in gpu list) batch_remesh.json
[00:25]   [3/25] SKIPPED (not in gpu list) boolean_ops.json
[00:26]   [4/25] SKIPPED (not in gpu list) depth_map_to_mesh.json
[00:26]   [5/25] SKIPPED (not in gpu list) fill_holes.json
[00:27]   [6/25] SKIPPED (not in gpu list) fix_normals.json
[00:27]   [7/25] SKIPPED (not in gpu list) fix_self_intersection.json
[00:27]   [8/25] SKIPPED (not in gpu list) mesh_info.json
[00:28]   [9/25] SKIPPED (not in gpu list) mesh_mesh_distance.json
[00:28]   [10/25] SKIPPED (not in gpu list) normals.json
[00:29]   [11/25] SKIPPED (not in gpu list) point_mesh_distance.json
[00:29]   [12/25] SKIPPED (not in gpu list) preview_mesh_threejs.json
[00:30]   [13/25] SKIPPED (not in gpu list) refine_mesh.json
[00:30]   [14/25] SKIPPED (not in gpu list) remesh_intersections.json
[00:31]   [15/25] SKIPPED (not in gpu list) remeshing.json
[00:31]   [16/25] SKIPPED (not in gpu list) remeshing_CGAL.json
[00:32]   [17/25] SKIPPED (not in gpu list) remeshing_blender.json
[05:32]   [19/25] SKIPPED (not in gpu list) side_by_side_viewer.json
[05:32]   [20/25] SKIPPED (not in gpu list) skeleton_extraction.json
[05:33]   [21/25] SKIPPED (not in gpu list) surface_reconstruction.json
[05:33]   [22/25] SKIPPED (not in gpu list) test_loading.json
[05:33]   [23/25] SKIPPED (not in gpu list) transform.json
[05:33]   [24/25] SKIPPED (not in gpu list) uv_wrapping.json
[05:34]   [25/25] SKIPPED (not in gpu list) view_texture.json
[05:36] Results saved to /home/administrator/github-runners/PozzettiAndrea-ComfyUI-GeometryPack/_work/ComfyUI-GeometryPack/ComfyUI-GeometryPack/comfy-test-logs/GeometryPack-1549/linux-gpu/results.json
[05:36] Saved: /home/administrator/github-runners/PozzettiAndrea-ComfyUI-GeometryPack/_work/ComfyUI-GeometryPack/ComfyUI-GeometryPack/comfy-test-logs/GeometryPack-1549/linux-gpu/index.html
[05:36] [EXECUTION] PASSED
[05:36] 
linux: PASSED
