[00:00] Crash dump logging enabled: /Users/runner/work/ComfyUI-GeometryPack/ComfyUI-GeometryPack/comfy-test-logs/GeometryPack-2121/macos-cpu/crash_dump.log
[00:00] 
[00:00] [1/3] REGISTRATION
[00:00] ----------------------------------------
[00:00] [DEBUG] server=None, server_url=http://127.0.0.1:8188, api=None
[00:00] 
Connecting to existing server at http://127.0.0.1:8188...
[00:00] Connecting to existing server at http://127.0.0.1:8188...
[00:00] Connected to server! (attempt 1, 0.0s)
[00:00] Checking for import errors in server logs...
[00:00] No import errors detected
[00:00] Found 672 registered nodes
[00:00] [REGISTRATION] PASSED
[00:00] 
[00:00] [2/3] INSTANTIATION
[00:00] ----------------------------------------
[00:00] [DEBUG] server=<comfy_test.comfyui.server.ExternalComfyUIServer object at 0x102868980>, server_url=http://127.0.0.1:8188, api=<comfy_test.comfyui.api.ComfyUIAPI object at 0x102868ad0>
[00:00] Testing node constructors...
[00:05] All 63 node(s) instantiated successfully!
[00:05] [INSTANTIATION] PASSED
[00:05] 
[00:05] [3/3] EXECUTION
[00:05] ----------------------------------------
[00:05] [DEBUG] server=<comfy_test.comfyui.server.ExternalComfyUIServer object at 0x102868980>, server_url=http://127.0.0.1:8188, api=<comfy_test.comfyui.api.ComfyUIAPI object at 0x102868ad0>
[00:05] CPU runner - will execute 24 workflow(s)
[00:05] Running 25 workflow(s) (all with videos)...
[00:07] Execution path: browser (Playwright)
[12:42]   [18/25] SKIPPED (not in cpu list) remeshing_gpu.json
[16:48] Results saved to /Users/runner/work/ComfyUI-GeometryPack/ComfyUI-GeometryPack/comfy-test-logs/GeometryPack-2121/macos-cpu/results.json
[16:48] Saved: /Users/runner/work/ComfyUI-GeometryPack/ComfyUI-GeometryPack/comfy-test-logs/GeometryPack-2121/macos-cpu/index.html
[16:48] [EXECUTION] PASSED
[16:48] 
macos: PASSED
