Capturing execution frames: alpha_wrap.json
  [Console-error] Failed to load resource: the server responded with a status of 404 (Not Found)
  [Console-error] Failed to load resource: the server responded with a status of 404 (Not Found)
  [Console-error] Failed to load resource: the server responded with a status of 404 (Not Found)
  [Console-error] Failed to load resource: the server responded with a status of 404 (Not Found)
  [Console-error] Failed to load resource: the server responded with a status of 404 (Not Found)
  [Console-warning] WARNING: Multiple instances of Three.js being imported.
  [Console-warning] [ComfyUI Deprecated] Importing from "scripts/ui.js" is deprecated and will be removed in v1.34.
  [Console-warning] [MaskEditor] ComfyApp.open_maskeditor is deprecated. Plugins should migrate to using the command system or direct node context menu integration.
  [Console-warning] [ComfyUI Deprecated] Importing from "scripts/ui/components/buttonGroup.js" is deprecated and will be removed in v1.34.
  [Console-warning] [ComfyUI Deprecated] Importing from "scripts/ui/components/button.js" is deprecated and will be removed in v1.34.
  Frame 1 saved (frame_000.jpg, t=0.0s)
  Validating workflow...
  Queuing workflow for execution...
  Frame 2 saved (frame_001.jpg, t=2.3s)
  [capture-periodic] freeze=3ms shot=118ms unfreeze=4ms saved=True
  Frame 3 saved (frame_002.jpg, t=4.5s)
  [capture-periodic] freeze=3ms shot=124ms unfreeze=4ms saved=True
  [capture-loop] iter=50 t=5.9s state={'complete': False, 'error': None, 'executedCount': 0, 'wsState': 1} eval_ms=4
  Frame 4 saved (frame_003.jpg, t=6.8s)
  [capture-periodic] freeze=3ms shot=120ms unfreeze=5ms saved=True
  Node executed (1 total), capturing...
  Frame 5 saved (frame_004.jpg, t=9.2s)
  [capture-node] freeze=4ms shot=127ms unfreeze=4ms saved=True
  Node executed (2 total), capturing...
  [Console-error] No input!
  [Console-error] No input!
  [Console-warning] [.WebGL-0x671406a42a00]GL Driver Message (OpenGL, Performance, GL_CLOSE_PATH_NV, High): GPU stall due to ReadPixels
  [Console-warning] [.WebGL-0x671406a42300]GL Driver Message (OpenGL, Performance, GL_CLOSE_PATH_NV, High): GPU stall due to ReadPixels
  Frame 6 saved (frame_005.jpg, t=10.0s)
  [capture-node] freeze=39ms shot=250ms unfreeze=47ms saved=True
  [Console-error] No input!
  [Console-error] No input!
  [Console-error] No input!
  [Console-error] No input!
  [Console-error] No input!
  [Console-error] No input!
  [Console-error] No input!
  [Console-error] No input!
  [Console-error] No input!
  [Console-error] No input!
  [Console-error] No input!
  [Console-error] No input!
  [Console-warning] [.WebGL-0x67140c0cb100]GL Driver Message (OpenGL, Performance, GL_CLOSE_PATH_NV, High): GPU stall due to ReadPixels
  [Console-warning] [.WebGL-0x67140baff800]GL Driver Message (OpenGL, Performance, GL_CLOSE_PATH_NV, High): GPU stall due to ReadPixels (this message will no longer repeat)
  Node executed (4 total), capturing...
  Frame 7 saved (frame_006.jpg, t=10.7s)
  [capture-node] freeze=9ms shot=1224ms unfreeze=0ms saved=True
  Execution complete (t=10.7s)
  Captured 7 unique frames over 11.94s
  [debug] iframes: 2
  [debug]   iframe[0]: src=http://127.0.0.1:8188/extensions/ComfyUI-GeometryPack/viewer_dual.html?v=1771923, canvas=894x1248, rafFrozen=True
  [debug]   iframe[1]: src=http://127.0.0.1:8188/extensions/ComfyUI-GeometryPack/viewer_multi.html?v=177192, canvas=592x1116, rafFrozen=True
  [timing] trigger_3d_previews: 0.0s
  Saved high-quality screenshot: alpha_wrap_executed.png
  [timing] final_screenshot: 0.8s
    Captured 8 video frames