Capturing execution frames: mesh_mesh_distance.json
  [Console-error] Failed to load resource: the server responded with a status of 404 (Not Found)
  [Console-error] Failed to load resource: the server responded with a status of 404 (Not Found)
  [Console-error] Failed to load resource: the server responded with a status of 404 (Not Found)
  [Console-error] Failed to load resource: the server responded with a status of 404 (Not Found)
  [Console-error] Failed to load resource: the server responded with a status of 404 (Not Found)
  [Console-warning] [ComfyUI Deprecated] Importing from "scripts/ui.js" is deprecated and will be removed in v1.34.
  [Console-warning] WARNING: Multiple instances of Three.js being imported.
  [Console-warning] [MaskEditor] ComfyApp.open_maskeditor is deprecated. Plugins should migrate to using the command system or direct node context menu integration.
  [Console-warning] [ComfyUI Deprecated] Importing from "scripts/ui/components/buttonGroup.js" is deprecated and will be removed in v1.34.
  [Console-warning] [ComfyUI Deprecated] Importing from "scripts/ui/components/button.js" is deprecated and will be removed in v1.34.
  Frame 1 saved (frame_000.jpg, t=0.0s)
  Validating workflow...
  Queuing workflow for execution...
  Frame 2 saved (frame_001.jpg, t=2.3s)
  [capture-periodic] freeze=3ms shot=130ms unfreeze=6ms saved=True
  Frame 3 saved (frame_002.jpg, t=4.5s)
  [capture-periodic] freeze=3ms shot=126ms unfreeze=12ms saved=True
  [capture-loop] iter=50 t=5.9s state={'complete': False, 'error': None, 'executedCount': 0, 'wsState': 1} eval_ms=3
  [capture-loop] iter=100 t=11.9s state={'complete': False, 'error': None, 'executedCount': 0, 'wsState': 1} eval_ms=4
  Node executed (1 total), capturing...
  Frame 4 saved (frame_003.jpg, t=16.7s)
  [capture-node] freeze=4ms shot=141ms unfreeze=4ms saved=True
  [capture-loop] iter=150 t=18.1s state={'complete': False, 'error': None, 'executedCount': 1, 'wsState': 1} eval_ms=4
  Node executed (2 total), capturing...
  Frame 5 saved (frame_004.jpg, t=18.8s)
  [capture-node] freeze=4ms shot=151ms unfreeze=4ms saved=True
  Node executed (3 total), capturing...
  Frame 6 saved (frame_005.jpg, t=19.3s)
  [capture-node] freeze=6ms shot=148ms unfreeze=7ms saved=True
  Node executed (4 total), capturing...
  Frame 7 saved (frame_006.jpg, t=19.7s)
  [capture-node] freeze=5ms shot=134ms unfreeze=0ms saved=True
  Execution complete (t=19.7s)
  Captured 7 unique frames over 19.91s
  [debug] iframes: 0
  [timing] trigger_3d_previews: 0.0s
  Saved high-quality screenshot: mesh_mesh_distance_executed.png
  [timing] final_screenshot: 0.8s
    Captured 8 video frames