Capturing execution frames: remeshing_blender.json
  [Console-error] Failed to load resource: the server responded with a status of 404 (Not Found)
  [Console-error] Failed to load resource: the server responded with a status of 404 (Not Found)
  [Console-error] Failed to load resource: the server responded with a status of 404 (Not Found)
  [Console-error] Failed to load resource: the server responded with a status of 404 (Not Found)
  [Console-error] Failed to load resource: the server responded with a status of 404 (Not Found)
  [Console-warning] [ComfyUI Deprecated] Importing from "scripts/ui.js" is deprecated and will be removed in v1.34.
  [Console-warning] WARNING: Multiple instances of Three.js being imported.
  [Console-warning] [MaskEditor] ComfyApp.open_maskeditor is deprecated. Plugins should migrate to using the command system or direct node context menu integration.
  [Console-warning] [ComfyUI Deprecated] Importing from "scripts/ui/components/buttonGroup.js" is deprecated and will be removed in v1.34.
  [Console-warning] [ComfyUI Deprecated] Importing from "scripts/ui/components/button.js" is deprecated and will be removed in v1.34.
  Frame 1 saved (frame_000.jpg, t=0.0s)
  Validating workflow...
  Queuing workflow for execution...
  Frame 2 saved (frame_001.jpg, t=2.3s)
  [capture-periodic] freeze=3ms shot=130ms unfreeze=3ms saved=True
  Node executed (1 total), capturing...
  Frame 3 saved (frame_002.jpg, t=5.9s)
  [capture-node] freeze=4ms shot=124ms unfreeze=4ms saved=True
  [capture-loop] iter=50 t=6.2s state={'complete': False, 'error': None, 'executedCount': 1, 'wsState': 1} eval_ms=4
  Node executed (2 total), capturing...
  Frame 4 saved (frame_003.jpg, t=6.6s)
  [capture-node] freeze=4ms shot=132ms unfreeze=0ms saved=True
  Execution complete (t=6.6s)
  [Console-error] No input!
  [Console-error] No input!
  Captured 4 unique frames over 6.81s
  [debug] iframes: 1
  [debug]   iframe[0]: src=http://127.0.0.1:8188/extensions/ComfyUI-GeometryPack/viewer_dual.html?v=1771924, canvas=894x1248, rafFrozen=False
  [timing] trigger_3d_previews: 0.3s
  Saved high-quality screenshot: remeshing_blender_executed.png
  [timing] final_screenshot: 1.2s
    Captured 5 video frames