Capturing execution frames: transform.json
  [Console-error] Failed to load resource: the server responded with a status of 404 (Not Found)
  [Console-error] Failed to load resource: the server responded with a status of 404 (Not Found)
  [Console-error] Failed to load resource: the server responded with a status of 404 (Not Found)
  [Console-error] Failed to load resource: the server responded with a status of 404 (Not Found)
  [Console-error] Failed to load resource: the server responded with a status of 404 (Not Found)
  [Console-warning] [ComfyUI Deprecated] Importing from "scripts/ui.js" is deprecated and will be removed in v1.34.
  [Console-warning] WARNING: Multiple instances of Three.js being imported.
  [Console-warning] [MaskEditor] ComfyApp.open_maskeditor is deprecated. Plugins should migrate to using the command system or direct node context menu integration.
  [Console-warning] [ComfyUI Deprecated] Importing from "scripts/ui/components/buttonGroup.js" is deprecated and will be removed in v1.34.
  [Console-warning] [ComfyUI Deprecated] Importing from "scripts/ui/components/button.js" is deprecated and will be removed in v1.34.
  Frame 1 saved (frame_000.jpg, t=0.0s)
  Validating workflow...
  Queuing workflow for execution...
  Node executed (1 total), capturing...
  [Console-error] No input!
  Frame 2 saved (frame_001.jpg, t=0.6s)
  [capture-node] freeze=28ms shot=362ms unfreeze=4ms saved=True
  Node executed (2 total), capturing...
  [capture-node] freeze=3ms shot=142ms unfreeze=0ms saved=False
  Execution complete (t=1.3s)
  Captured 2 unique frames over 1.46s
  [debug] iframes: 1
  [debug]   iframe[0]: src=http://127.0.0.1:8188/extensions/ComfyUI-GeometryPack/viewer_dual.html?v=1771924, canvas=1792x1248, rafFrozen=True
  [timing] trigger_3d_previews: 0.0s
  Saved high-quality screenshot: transform_executed.png
  [timing] final_screenshot: 0.7s
    Captured 3 video frames