[00:00] Crash dump logging enabled: /home/runner/work/ComfyUI-GeometryPack/ComfyUI-GeometryPack/comfy-test-logs/GeometryPack-2122/linux-cpu/crash_dump.log
[00:00] 
[00:00] [1/3] REGISTRATION
[00:00] ----------------------------------------
[00:00] [DEBUG] server=None, server_url=http://127.0.0.1:8188, api=None
[00:00] 
Connecting to existing server at http://127.0.0.1:8188...
[00:00] Connecting to existing server at http://127.0.0.1:8188...
[00:00] Connected to server! (attempt 1, 0.0s)
[00:00] Checking for import errors in server logs...
[00:00] No import errors detected
[00:00] Found 677 registered nodes
[00:00] [REGISTRATION] PASSED
[00:00] 
[00:00] [2/3] INSTANTIATION
[00:00] ----------------------------------------
[00:00] [DEBUG] server=<comfy_test.comfyui.server.ExternalComfyUIServer object at 0x7f201b22cad0>, server_url=http://127.0.0.1:8188, api=<comfy_test.comfyui.api.ComfyUIAPI object at 0x7f201b22cc20>
[00:00] Testing node constructors...
[00:01] All 63 node(s) instantiated successfully!
[00:01] [INSTANTIATION] PASSED
[00:01] 
[00:01] [3/3] EXECUTION
[00:01] ----------------------------------------
[00:01] [DEBUG] server=<comfy_test.comfyui.server.ExternalComfyUIServer object at 0x7f201b22cad0>, server_url=http://127.0.0.1:8188, api=<comfy_test.comfyui.api.ComfyUIAPI object at 0x7f201b22cc20>
[00:01] CPU runner - will execute 24 workflow(s)
[00:01] Running 25 workflow(s) (all with videos)...
[00:03] Execution path: browser (Playwright)
[06:38]   [18/25] SKIPPED (not in cpu list) remeshing_gpu.json
[09:06] Results saved to /home/runner/work/ComfyUI-GeometryPack/ComfyUI-GeometryPack/comfy-test-logs/GeometryPack-2122/linux-cpu/results.json
[09:06] Saved: /home/runner/work/ComfyUI-GeometryPack/ComfyUI-GeometryPack/comfy-test-logs/GeometryPack-2122/linux-cpu/index.html
[09:06] [EXECUTION] PASSED
[09:06] 
linux: PASSED
