[00:00] Crash dump logging enabled: C:\github-runners\PozzettiAndrea-ComfyUI-GeometryPack-portable\_work\ComfyUI-GeometryPack\ComfyUI-GeometryPack\comfy-test-logs\GeometryPack-1523\windows_portable-gpu\crash_dump.log
[00:00] 
[00:00] [1/3] REGISTRATION
[00:00] ----------------------------------------
[00:00] [DEBUG] server=None, server_url=http://127.0.0.1:8188, api=None
[00:00] 
Connecting to existing server at http://127.0.0.1:8188...
[00:00] Connecting to existing server at http://127.0.0.1:8188...
[00:00] Connected to server! (attempt 1, 0.0s)
[00:00] Checking for import errors in server logs...
[00:00] No import errors detected
[00:00] Found 671 registered nodes
[00:00] [REGISTRATION] PASSED
[00:00] 
[00:00] [2/3] INSTANTIATION
[00:00] ----------------------------------------
[00:00] [DEBUG] server=<comfy_test.comfyui.server.ExternalComfyUIServer object at 0x0000028574309010>, server_url=http://127.0.0.1:8188, api=<comfy_test.comfyui.api.ComfyUIAPI object at 0x0000028574309160>
[00:00] Testing node constructors...
[00:25] All 63 node(s) instantiated successfully!
[00:25] [INSTANTIATION] PASSED
[00:25] 
[00:25] [3/3] EXECUTION
[00:25] ----------------------------------------
[00:25] [DEBUG] server=<comfy_test.comfyui.server.ExternalComfyUIServer object at 0x0000028574309010>, server_url=http://127.0.0.1:8188, api=<comfy_test.comfyui.api.ComfyUIAPI object at 0x0000028574309160>
[00:25] GPU runner - will execute 1 workflow(s)
[00:26] Running 25 workflow(s) (all with videos)...
[00:39] Execution path: browser (Playwright)
[00:40]   [1/25] SKIPPED (not in gpu list) alpha_wrap.json
[00:41]   [2/25] SKIPPED (not in gpu list) batch_remesh.json
[00:41]   [3/25] SKIPPED (not in gpu list) boolean_ops.json
[00:41]   [4/25] SKIPPED (not in gpu list) depth_map_to_mesh.json
[00:41]   [5/25] SKIPPED (not in gpu list) fill_holes.json
[00:42]   [6/25] SKIPPED (not in gpu list) fix_normals.json
[00:43]   [7/25] SKIPPED (not in gpu list) fix_self_intersection.json
[00:43]   [8/25] SKIPPED (not in gpu list) mesh_info.json
[00:44]   [9/25] SKIPPED (not in gpu list) mesh_mesh_distance.json
[00:44]   [10/25] SKIPPED (not in gpu list) normals.json
[00:44]   [11/25] SKIPPED (not in gpu list) point_mesh_distance.json
[00:44]   [12/25] SKIPPED (not in gpu list) preview_mesh_threejs.json
[00:45]   [13/25] SKIPPED (not in gpu list) refine_mesh.json
[00:45]   [14/25] SKIPPED (not in gpu list) remesh_intersections.json
[00:45]   [15/25] SKIPPED (not in gpu list) remeshing.json
[00:46]   [16/25] SKIPPED (not in gpu list) remeshing_blender.json
[00:46]   [17/25] SKIPPED (not in gpu list) remeshing_CGAL.json
[02:12]   [19/25] SKIPPED (not in gpu list) side_by_side_viewer.json
[02:13]   [20/25] SKIPPED (not in gpu list) skeleton_extraction.json
[02:13]   [21/25] SKIPPED (not in gpu list) surface_reconstruction.json
[02:13]   [22/25] SKIPPED (not in gpu list) test_loading.json
[02:14]   [23/25] SKIPPED (not in gpu list) transform.json
[02:14]   [24/25] SKIPPED (not in gpu list) uv_wrapping.json
[02:14]   [25/25] SKIPPED (not in gpu list) view_texture.json
[02:15] Results saved to C:\github-runners\PozzettiAndrea-ComfyUI-GeometryPack-portable\_work\ComfyUI-GeometryPack\ComfyUI-GeometryPack\comfy-test-logs\GeometryPack-1523\windows_portable-gpu\results.json
[02:15] Model report: 8 files, 18.7 MB -> C:\github-runners\PozzettiAndrea-ComfyUI-GeometryPack-portable\_work\ComfyUI-GeometryPack\ComfyUI-GeometryPack\comfy-test-logs\GeometryPack-1523\windows_portable-gpu\models.json
[02:15] Saved: C:\github-runners\PozzettiAndrea-ComfyUI-GeometryPack-portable\_work\ComfyUI-GeometryPack\ComfyUI-GeometryPack\comfy-test-logs\GeometryPack-1523\windows_portable-gpu\index.html
[02:15] [EXECUTION] PASSED
[02:15] 
windows_portable: PASSED
